                     pathway         pval         padj   log2err         ES
1          Class:Bacteroidia 2.493402e-06 0.0001645645 0.6272567 -0.6591484
2        Order:Bacteroidales 2.493402e-06 0.0001645645 0.6272567 -0.6591484
3        Phylum:Bacteroidota 2.493402e-06 0.0001645645 0.6272567 -0.6591484
4           Class:Clostridia 1.849518e-04 0.0073240914 0.5188481 -0.4820837
5        Order:Eubacteriales 1.849518e-04 0.0073240914 0.5188481 -0.4820837
6              Class:Bacilli 3.765828e-04 0.0106519136 0.4984931  0.4801650
7        Genus:Enterocloster 3.627293e-04 0.0106519136 0.4984931  0.8654285
8  Class:Gammaproteobacteria 1.849507e-03 0.0406891558 0.4550599  0.6268266
9      Phylum:Actinobacteria 1.698441e-03 0.0406891558 0.4550599  0.4425261
10     Order:Lactobacillales 2.622078e-03 0.0519171445 0.4317077  0.4555769
11    Order:Enterobacterales 3.498317e-03 0.0629697098 0.4317077  0.6419537
12   Family:Streptococcaceae 4.291697e-03 0.0708130061 0.4070179  0.5815686
13 Family:Enterobacteriaceae 4.706803e-03 0.0716882309 0.4070179  0.6539052
14           Genus:Roseburia 5.186002e-03 0.0733448814 0.4070179 -0.7597548
15       Genus:Streptococcus 7.858383e-03 0.1037306556 0.3807304  0.5752064
         NES size
1  -2.137209   38
2  -2.137209   38
3  -2.137209   38
4  -1.745124  109
5  -1.745124  109
6   2.064748   37
7   2.086799    6
8   2.057601   15
9   1.889703   34
10  1.943847   33
11  1.943182   12
12  1.980793   16
13  1.957766   11
14 -1.719467    8
15  1.888154   15
Significant taxonomic groups (FDR < 0.05): 9
